// Jest Snapshot v1, https://goo.gl/fbAQLP

exports[`<TrendItem /> should rendercomponent 1`] = `
<View
  accessible={true}
  focusable={true}
  onClick={[Function]}
  onResponderGrant={[Function]}
  onResponderMove={[Function]}
  onResponderRelease={[Function]}
  onResponderTerminate={[Function]}
  onResponderTerminationRequest={[Function]}
  onStartShouldSetResponder={[Function]}
>
  <View
    style={
      Object {
        "borderBottomWidth": 0.2,
        "borderColor": "rgba(133, 140, 162, 0.5)",
        "flexDirection": "row",
        "paddingLeft": 10,
        "paddingVertical": 10,
      }
    }
  >
    <Image
      source={
        Object {
          "uri": "https://logo.com/btc",
        }
      }
      style={
        Object {
          "flexGrow": 0,
          "flexShrink": 0,
          "height": 27,
          "marginRight": 7,
          "width": 27,
        }
      }
    />
    <View
      style={
        Object {
          "flexDirection": "row",
          "flexGrow": 1,
        }
      }
    >
      <View
        style={
          Object {
            "flexBasis": 0,
            "flexGrow": 3,
          }
        }
      >
        <Text
          style={
            Array [
              Object {
                "color": "#fff",
              },
              Object {
                "fontSize": 13,
                "fontWeight": "bold",
                "marginBottom": 2,
              },
            ]
          }
        >
          Bitcoin
        </Text>
        <View
          style={
            Object {
              "alignItems": "center",
              "flexDirection": "row",
            }
          }
        >
          <View
            style={
              Object {
                "alignItems": "center",
                "flexDirection": "row",
              }
            }
          >
            <View
              style={
                Object {
                  "backgroundColor": "rgb(133, 140, 162)",
                  "borderRadius": 4,
                  "height": 13,
                  "marginRight": 3,
                  "paddingHorizontal": 5,
                }
              }
            >
              <Text
                style={
                  Array [
                    Object {
                      "fontSize": 10,
                      "lineHeight": 13,
                    },
                    Object {
                      "color": "#fff",
                    },
                  ]
                }
              >
                1
              </Text>
            </View>
            <Text
              style={
                Object {
                  "color": "rgb(133, 140, 162)",
                  "fontSize": 10,
                }
              }
            >
              BTC
            </Text>
          </View>
          <View
            style={
              Array [
                Object {
                  "alignItems": "center",
                  "flexDirection": "row",
                },
                Object {
                  "marginLeft": 5,
                },
              ]
            }
          >
            <Text
              allowFontScaling={false}
              selectable={false}
              style={
                Array [
                  Object {
                    "color": "#16c784",
                    "fontSize": 15,
                  },
                  undefined,
                  Object {
                    "fontFamily": "Entypo",
                    "fontStyle": "normal",
                    "fontWeight": "normal",
                  },
                  Object {},
                ]
              }
            >
              
            </Text>
            <Text
              style={
                Object {
                  "color": "rgb(133, 140, 162)",
                  "fontSize": 10,
                }
              }
            >
              21,000 %
            </Text>
          </View>
        </View>
      </View>
      <View
        onLayout={[Function]}
        style={
          Object {
            "alignItems": "center",
            "flexBasis": 50,
            "flexGrow": 1,
            "flexShrink": 0,
          }
        }
      >
        <ActivityIndicator />
      </View>
      <View
        style={
          Object {
            "alignItems": "flex-end",
            "flexBasis": 0,
            "flexGrow": 3,
          }
        }
      >
        <Text
          style={
            Array [
              Object {
                "color": "#fff",
              },
              Object {
                "fontSize": 13,
                "fontWeight": "bold",
                "marginBottom": 2,
              },
            ]
          }
        >
          $1 234 
        </Text>
        <Text
          style={
            Object {
              "color": "rgb(133, 140, 162)",
              "fontSize": 10,
            }
          }
        >
          Mar. cup. 
          $123,457 Bn
        </Text>
      </View>
    </View>
    <View
      style={
        Object {
          "alignItems": "center",
          "justifyContent": "center",
          "width": 30,
        }
      }
    >
      <Text
        allowFontScaling={false}
        onPress={[Function]}
        selectable={false}
        style={
          Array [
            Object {
              "color": "rgb(133, 140, 162)",
              "fontSize": 10,
            },
            undefined,
            Object {
              "fontFamily": "anticon",
              "fontStyle": "normal",
              "fontWeight": "normal",
            },
            Object {},
          ]
        }
      >
        
      </Text>
    </View>
  </View>
</View>
`;
